[0m22:12:14.016852 [debug] [MainThread]: Sending event: {'category': 'dbt', 'action': 'invocation', 'label': 'start', 'context': [<snowplow_tracker.self_describing_json.SelfDescribingJson object at 0x0000026302CAE960>, <snowplow_tracker.self_describing_json.SelfDescribingJson object at 0x000002630664A450>, <snowplow_tracker.self_describing_json.SelfDescribingJson object at 0x0000026308007A10>]}


============================== 22:12:14.016852 | 27bb8d4b-cb6b-4fe5-bc9c-bd6548618014 ==============================
[0m22:12:14.016852 [info ] [MainThread]: Running with dbt=1.12.2
[0m22:12:14.016852 [debug] [MainThread]: running dbt with arguments {'version_check': 'True', 'no_print': 'None', 'maximum_seed_size_mib': '1', 'target_path': 'None', 'warn_error_options': 'WarnErrorOptionsV2(error=[], warn=[], silence=[])', 'static_parser': 'True', 'printer_width': '80', 'write_json': 'True', 'empty': 'None', 'log_cache_events': 'False', 'introspect': 'True', 'cache_selected_only': 'False', 'log_format': 'default', 'debug': 'False', 'fail_fast': 'False', 'profiles_dir': 'C:\\Users\\cesar\\.dbt', 'send_anonymous_usage_stats': 'True', 'quiet': 'False', 'warn_error': 'None', 'partial_parse': 'True', 'indirect_selection': 'eager', 'hints_enabled': 'True', 'use_colors': 'True', 'use_experimental_parser': 'False', 'invocation_command': 'dbt init voy_ae_case_study', 'log_path': 'logs'}
[0m22:12:14.033738 [debug] [MainThread]: Starter project path: C:\Users\cesar\OneDrive\Bureau\voy-ae-case-study\.dbtvenv\Lib\site-packages\dbt\include\starter_project
[0m22:12:14.049782 [info ] [MainThread]: Setting up your profile.
[0m22:12:19.089693 [info ] [MainThread]: Running dbt debug to validate the project...
[0m22:12:19.089693 [info ] [MainThread]: dbt version: 1.12.2
[0m22:12:19.089693 [info ] [MainThread]: python version: 3.12.10
[0m22:12:19.089693 [info ] [MainThread]: python path: C:\Users\cesar\OneDrive\Bureau\voy-ae-case-study\.dbtvenv\Scripts\python.exe
[0m22:12:19.089693 [info ] [MainThread]: os info: Windows-11-10.0.26200-SP0
[0m22:12:19.124453 [info ] [MainThread]: Using profiles dir at C:\Users\cesar\.dbt
[0m22:12:19.125512 [info ] [MainThread]: Using profiles.yml file at C:\Users\cesar\.dbt\profiles.yml
[0m22:12:19.125512 [info ] [MainThread]: Using dbt_project.yml file at C:\Users\cesar\OneDrive\Bureau\voy-ae-case-study\voy_ae_case_study\dbt_project.yml
[0m22:12:19.126512 [info ] [MainThread]: adapter type: duckdb
[0m22:12:19.127512 [info ] [MainThread]: adapter version: 1.11.0
[0m22:12:19.186927 [info ] [MainThread]: Configuration:
[0m22:12:19.186927 [info ] [MainThread]:   profiles.yml file [[32mOK found and valid[0m]
[0m22:12:19.186927 [info ] [MainThread]:   dbt_project.yml file [[32mOK found and valid[0m]
[0m22:12:19.186927 [info ] [MainThread]: Required dependencies:
[0m22:12:19.186927 [debug] [MainThread]: Executing "git --help"
[0m22:12:19.221588 [debug] [MainThread]: STDOUT: "b"usage: git [-v | --version] [-h | --help] [-C <path>] [-c <name>=<value>]\n           [--exec-path[=<path>]] [--html-path] [--man-path] [--info-path]\n           [-p | --paginate | -P | --no-pager] [--no-replace-objects] [--no-lazy-fetch]\n           [--no-optional-locks] [--no-advice] [--bare] [--git-dir=<path>]\n           [--work-tree=<path>] [--namespace=<name>] [--config-env=<name>=<envvar>]\n           <command> [<args>]\n\nThese are common Git commands used in various situations:\n\nstart a working area (see also: git help tutorial)\n   clone      Clone a repository into a new directory\n   init       Create an empty Git repository or reinitialize an existing one\n\nwork on the current change (see also: git help everyday)\n   add        Add file contents to the index\n   mv         Move or rename a file, a directory, or a symlink\n   restore    Restore working tree files\n   rm         Remove files from the working tree and from the index\n\nexamine the history and state (see also: git help revisions)\n   bisect     Use binary search to find the commit that introduced a bug\n   diff       Show changes between commits, commit and working tree, etc\n   grep       Print lines matching a pattern\n   log        Show commit logs\n   show       Show various types of objects\n   status     Show the working tree status\n\ngrow, mark and tweak your common history\n   backfill   Download missing objects in a partial clone\n   branch     List, create, or delete branches\n   commit     Record changes to the repository\n   merge      Join two or more development histories together\n   rebase     Reapply commits on top of another base tip\n   reset      Reset current HEAD to the specified state\n   switch     Switch branches\n   tag        Create, list, delete or verify a tag object signed with GPG\n\ncollaborate (see also: git help workflows)\n   fetch      Download objects and refs from another repository\n   pull       Fetch from and integrate with another repository or a local branch\n   push       Update remote refs along with associated objects\n\n'git help -a' and 'git help -g' list available subcommands and some\nconcept guides. See 'git help <command>' or 'git help <concept>'\nto read about a specific subcommand or concept.\nSee 'git help git' for an overview of the system.\n""
[0m22:12:19.221588 [debug] [MainThread]: STDERR: "b''"
[0m22:12:19.221588 [info ] [MainThread]:  - git [[32mOK found[0m]

[0m22:12:19.228502 [info ] [MainThread]: Connection:
[0m22:12:19.228814 [info ] [MainThread]:   database: dev
[0m22:12:19.228814 [info ] [MainThread]:   schema: main
[0m22:12:19.228814 [info ] [MainThread]:   path: dev.duckdb
[0m22:12:19.228814 [info ] [MainThread]:   config_options: None
[0m22:12:19.228814 [info ] [MainThread]:   extensions: None
[0m22:12:19.228814 [info ] [MainThread]:   settings: {}
[0m22:12:19.228814 [info ] [MainThread]:   external_root: .
[0m22:12:19.228814 [info ] [MainThread]:   use_credential_provider: None
[0m22:12:19.230816 [info ] [MainThread]:   attach: None
[0m22:12:19.230816 [info ] [MainThread]:   filesystems: None
[0m22:12:19.230816 [info ] [MainThread]:   remote: None
[0m22:12:19.230816 [info ] [MainThread]:   plugins: None
[0m22:12:19.230816 [info ] [MainThread]:   disable_transactions: False
[0m22:12:19.230816 [info ] [MainThread]: Registered adapter: duckdb=1.11.0
[0m22:12:19.458213 [debug] [MainThread]: Acquiring new duckdb connection 'debug'
[0m22:12:19.513544 [debug] [MainThread]: Using duckdb connection "debug"
[0m22:12:19.520408 [debug] [MainThread]: On debug: select 1 as id
[0m22:12:19.520408 [debug] [MainThread]: Opening a new connection, currently in state init
[0m22:12:19.534306 [debug] [MainThread]: SQL status: OK in 0.015 seconds
[0m22:12:19.534306 [debug] [MainThread]: On debug: Close
[0m22:12:19.534306 [info ] [MainThread]:   Connection test: [[32mOK connection ok[0m]

[0m22:12:19.534306 [info ] [MainThread]: [32mAll checks passed![0m
[0m22:12:19.534306 [info ] [MainThread]: Your new dbt project "voy_ae_case_study" was created!
Initialized new project in C:\Users\cesar\OneDrive\Bureau\voy-ae-case-study\voy_ae_case_study\voy_ae_case_study

For more information on how to configure the profiles.yml file,
please consult the dbt documentation here:

  https://docs.getdbt.com/docs/configure-your-profile

One more thing:

Need help? Don't hesitate to reach out to us via GitHub issues or on Slack:

  https://community.getdbt.com/

Happy modeling!

[0m22:12:19.534306 [debug] [MainThread]: Command `dbt init` succeeded at 22:12:19.534306 after 5.62 seconds
[0m22:12:19.534306 [debug] [MainThread]: Connection 'debug' was properly closed.
[0m22:12:19.534306 [debug] [MainThread]: Sending event: {'category': 'dbt', 'action': 'invocation', 'label': 'end', 'context': [<snowplow_tracker.self_describing_json.SelfDescribingJson object at 0x00000263080F25A0>, <snowplow_tracker.self_describing_json.SelfDescribingJson object at 0x0000026303DB79B0>, <snowplow_tracker.self_describing_json.SelfDescribingJson object at 0x0000026306676BA0>]}
[0m22:12:19.534306 [debug] [MainThread]: Flushing usage events
[0m22:12:20.211427 [debug] [MainThread]: An error was encountered while trying to flush usage events
